# Монтирование носителя



---

Теги:

- {{ компьютеры }}
- {{ программное обеспечение }}
- {{ linux }}
- {{ полезные рецепты }}
- {{ системное администрирование }}
- {{ Монтирование носителя }}

---

## Получение сведений

Получить данные по подключенным носителям:

```shell
sudo fdisk -l
```

```shell
...
Disk /dev/mmcblk0: 14.58 GiB, 15653142528 bytes, 30572544 sectors
Units: sectors of 1 * 512 = 512 bytes
Sector size (logical/physical): 512 bytes / 512 bytes
I/O size (minimum/optimal): 512 bytes / 512 bytes
Disklabel type: dos
Disk identifier: 0x5d87140c

Device         Boot  Start      End  Sectors  Size Id Type
/dev/mmcblk0p1        8192   532479   524288  256M  c W95 FAT32 (LBA)
/dev/mmcblk0p2      532480 30572543 30040064 14.3G 83 Linux


Disk /dev/sda: 465.76 GiB, 500107862016 bytes, 976773168 sectors
Disk model: SC685
Units: sectors of 1 * 512 = 512 bytes
Sector size (logical/physical): 512 bytes / 4096 bytes
I/O size (minimum/optimal): 4096 bytes / 4096 bytes
Disklabel type: dos
Disk identifier: 0xba87804f

Device     Boot Start       End   Sectors   Size Id Type
/dev/sda1        2048 976771071 976769024 465.8G  7 HPFS/NTFS/exFAT
```

В выводе надо найти интересующий нас носитель, в данном случае это **
/dev/sda1**.

## Создание точки монтирования

Для начала надо создать каталог, к которому будет потом смонтирован наш
носитель.

```shell
mkdir /media/usb-drive
```

## Монтирование

Само монтирование:

```shell
sudo mount /dev/sda1 /media/usb-drive/
```

Проверить, факт успешного подключения:

```shell
mount | grep /dev/sda1
```

## Отмена монтирования

Надо убедиться, что никакой процесс не работает с данным носителем.

```shell
sudo umount /dev/sda1
```

## Постоянное монтирование (работает после перезагрузки)

**ЕСТЬ РИСК ПОЛОМАТЬ ЗАГРУЗКУ НА МАШИНЕ**

Для постоянного монтирования, диск надо внести в **/etc/fstab**. Можно делать
это по block device name, но они потенциально могут повторяться, поэтому лучше
использовать для этого уникальный идентификатор.

Пример содержимого /etc/fstab:
```shell
proc                  /proc           proc    defaults          0       0
PARTUUID=5d87140c-01  /boot           vfat    defaults          0       2
PARTUUID=5d87140c-02  /               ext4    defaults,noatime  0       1
```

Узнать идентификаторы:
```shell
ls -l /dev/disk/by-uuid/*
```

```shell
lrwxrwxrwx 1 root root 10 Nov 25 22:34 /dev/disk/by-uuid/1bf6edc6-7a94-4dac-83f2-89434760406b -> ../../sda1
lrwxrwxrwx 1 root root 15 Nov 25 22:34 /dev/disk/by-uuid/568caafd-bab1-46cb-921b-cd257b61f505 -> ../../mmcblk0p2
lrwxrwxrwx 1 root root 15 Nov 25 22:34 /dev/disk/by-uuid/C839-E506 -> ../../mmcblk0p1
```

После этого можно добавить в **/etc/fstab** следующую строку:
```shell
/dev/disk/by-uuid/1bf6edc6-7a94-4dac-83f2-89434760406b /home/omoide/OmoideExternalStorage ext4 defaults 0 0
```

Выполнить монтирование всех несмонтированных девайсов:
```shell
sudo mount -a
```
